../Core/Src/main.c:85:6:CAN1_filter_init	4	static
../Core/Src/main.c:98:6:CAN2_filter_init	4	static
../Core/Src/main.c:111:9:calculate_crc_sae_j1850	32	static
../Core/Src/main.c:129:6:Tx1_message_define	4	static
../Core/Src/main.c:138:6:Tx2_message_define	4	static
../Core/Src/main.c:147:6:Tx2_data	4	static
../Core/Src/main.c:152:6:Tx1_data	8	static
../Core/Src/main.c:171:5:main	8	static
../Core/Src/main.c:250:6:SystemClock_Config	88	static
../Core/Src/main.c:297:13:MX_CAN1_Init	8	static
../Core/Src/main.c:334:13:MX_CAN2_Init	8	static
../Core/Src/main.c:371:13:MX_SPI1_Init	8	static
../Core/Src/main.c:409:13:MX_TIM2_Init	32	static
../Core/Src/main.c:454:13:MX_USART2_UART_Init	8	static
../Core/Src/main.c:487:13:MX_GPIO_Init	48	static
../Core/Src/main.c:536:6:HAL_TIM_PeriodElapsedCallback	16	static
../Core/Src/main.c:541:6:HAL_CAN_RxFifo0MsgPendingCallback	32	static
../Core/Src/main.c:560:6:HAL_CAN_RxFifo1MsgPendingCallback	32	static
../Core/Src/main.c:586:6:Error_Handler	4	static,ignoring_inline_asm
